// Jest Snapshot v1, https://goo.gl/fbAQLP

exports[`renders RegisterUser component 1`] = `
<View
  style={
    {
      "flex": 1,
      "paddingHorizontal": 22,
    }
  }
>
  <View
    style={
      {
        "flex": 1,
      }
    }
  >
    <View
      style={
        {
          "alignItems": "flex-end",
          "marginBottom": 30,
          "padding": 22,
        }
      }
    >
      <View
        accessibilityState={
          {
            "busy": undefined,
            "checked": undefined,
            "disabled": undefined,
            "expanded": undefined,
            "selected": undefined,
          }
        }
        accessibilityValue={
          {
            "max": undefined,
            "min": undefined,
            "now": undefined,
            "text": undefined,
          }
        }
        accessible={true}
        collapsable={false}
        focusable={true}
        onClick={[Function]}
        onResponderGrant={[Function]}
        onResponderMove={[Function]}
        onResponderRelease={[Function]}
        onResponderTerminate={[Function]}
        onResponderTerminationRequest={[Function]}
        onStartShouldSetResponder={[Function]}
        style={
          {
            "alignItems": "center",
            "flexDirection": "row",
            "opacity": 1,
          }
        }
        testID="languageButton"
      >
        <
          color="#FF9800"
          icon={
            {
              "icon": [
                512,
                512,
                [
                  127760,
                ],
                "f0ac",
                "M352 256c0 22.2-1.2 43.6-3.3 64H163.3c-2.2-20.4-3.3-41.8-3.3-64s1.2-43.6 3.3-64H348.7c2.2 20.4 3.3 41.8 3.3 64zm28.8-64H503.9c5.3 20.5 8.1 41.9 8.1 64s-2.8 43.5-8.1 64H380.8c2.1-20.6 3.2-42 3.2-64s-1.1-43.4-3.2-64zm112.6-32H376.7c-10-63.9-29.8-117.4-55.3-151.6c78.3 20.7 142 77.5 171.9 151.6zm-149.1 0H167.7c6.1-36.4 15.5-68.6 27-94.7c10.5-23.6 22.2-40.7 33.5-51.5C239.4 3.2 248.7 0 256 0s16.6 3.2 27.8 13.8c11.3 10.8 23 27.9 33.5 51.5c11.6 26 20.9 58.2 27 94.7zm-209 0H18.6C48.6 85.9 112.2 29.1 190.6 8.4C165.1 42.6 145.3 96.1 135.3 160zM8.1 192H131.2c-2.1 20.6-3.2 42-3.2 64s1.1 43.4 3.2 64H8.1C2.8 299.5 0 278.1 0 256s2.8-43.5 8.1-64zM194.7 446.6c-11.6-26-20.9-58.2-27-94.6H344.3c-6.1 36.4-15.5 68.6-27 94.6c-10.5 23.6-22.2 40.7-33.5 51.5C272.6 508.8 263.3 512 256 512s-16.6-3.2-27.8-13.8c-11.3-10.8-23-27.9-33.5-51.5zM135.3 352c10 63.9 29.8 117.4 55.3 151.6C112.2 482.9 48.6 426.1 18.6 352H135.3zm358.1 0c-30 74.1-93.6 130.9-171.9 151.6c25.5-34.2 45.2-87.7 55.3-151.6H493.4z",
              ],
              "iconName": "globe",
              "prefix": "fas",
            }
          }
          size={24}
        />
        <View
          style={
            {
              "marginLeft": 6,
            }
          }
        >
          <Text
            color="#FF9800"
            style={
              [
                {
                  "color": "#FF9800",
                },
                {
                  "fontSize": 16,
                  "fontWeight": "600",
                },
              ]
            }
          >
            EN
          </Text>
        </View>
      </View>
    </View>
    <View
      style={
        {
          "alignItems": "center",
        }
      }
    >
      <Text
        color="#3d3d3d"
        style={
          [
            {
              "color": "#3d3d3d",
            },
            {
              "fontSize": 22,
              "fontWeight": "bold",
            },
          ]
        }
      >
        title
      </Text>
      <View
        style={
          {
            "paddingVertical": 20,
          }
        }
      >
        <Text
          color="#FF9800"
          style={
            [
              {
                "color": "#FF9800",
              },
              {
                "fontSize": 18,
                "fontWeight": "600",
              },
            ]
          }
        >
          signup
        </Text>
      </View>
    </View>
    <Text
      color="#3d3d3d"
      style={
        [
          {
            "color": "#3d3d3d",
          },
          {
            "fontSize": 12,
            "fontWeight": "400",
          },
        ]
      }
    >
      countryLabel
    </Text>
    <View
      accessibilityState={
        {
          "busy": undefined,
          "checked": undefined,
          "disabled": undefined,
          "expanded": undefined,
          "selected": undefined,
        }
      }
      accessibilityValue={
        {
          "max": undefined,
          "min": undefined,
          "now": undefined,
          "text": undefined,
        }
      }
      accessible={true}
      collapsable={false}
      focusable={true}
      onClick={[Function]}
      onResponderGrant={[Function]}
      onResponderMove={[Function]}
      onResponderRelease={[Function]}
      onResponderTerminate={[Function]}
      onResponderTerminationRequest={[Function]}
      onStartShouldSetResponder={[Function]}
      style={
        {
          "alignItems": "center",
          "borderBottomLeftRadius": 8,
          "borderBottomRightRadius": 8,
          "borderColor": "#3d3d3d",
          "borderTopLeftRadius": 8,
          "borderTopRightRadius": 8,
          "borderWidth": 1,
          "flexDirection": "row",
          "height": 54,
          "marginVertical": 12,
          "opacity": 1,
          "paddingBottom": 12,
          "paddingLeft": 12,
          "paddingRight": 12,
          "paddingTop": 12,
          "width": "100%",
        }
      }
      testID="selectContainer"
    >
      <View
        style={
          {
            "alignItems": "center",
            "justifyContent": "center",
            "marginHorizontal": 8,
            "width": 30,
          }
        }
      >
        <Image
          source={
            {
              "testUri": "../../../src/assets/UAE.png",
            }
          }
          style={
            {
              "height": 24,
              "marginHorizontal": 6,
              "resizeMode": "contain",
              "width": 24,
            }
          }
        />
      </View>
      <View
        style={
          {
            "alignItems": "flex-start",
            "flexBasis": 0,
            "flexGrow": 1,
            "flexShrink": 1,
          }
        }
      >
        <Text
          color="#3d3d3d"
          style={
            [
              {
                "color": "#3d3d3d",
              },
              {
                "fontSize": 10,
                "fontWeight": "400",
              },
            ]
          }
        >
          chooseCountry
        </Text>
        <Text
          color="#3d3d3d"
          style={
            [
              {
                "color": "#3d3d3d",
              },
              {
                "fontSize": 16,
                "fontWeight": "400",
              },
            ]
          }
        >
          UAE
        </Text>
      </View>
      <View
        style={
          {
            "alignItems": "center",
            "justifyContent": "center",
            "marginHorizontal": 8,
            "width": 30,
          }
        }
        testID="iconContainer"
      >
        <
          color="#3d3d3d"
          icon={
            {
              "icon": [
                320,
                512,
                [
                  8250,
                ],
                "f105",
                "M278.6 233.4c12.5 12.5 12.5 32.8 0 45.3l-160 160c-12.5 12.5-32.8 12.5-45.3 0s-12.5-32.8 0-45.3L210.7 256 73.4 118.6c-12.5-12.5-12.5-32.8 0-45.3s32.8-12.5 45.3 0l160 160z",
              ],
              "iconName": "angle-right",
              "prefix": "fas",
            }
          }
          size={18}
        />
      </View>
    </View>
    <View
      style={
        {
          "marginVertical": 12,
        }
      }
    >
      <TextInput
        keyboardType="default"
        maxLength={16}
        onChangeText={[Function]}
        placeholder="username"
        placeholderTextColor="#3d3d3d"
        style={
          {
            "alignItems": "center",
            "borderColor": "#3d3d3d",
            "borderRadius": 8,
            "borderWidth": 1,
            "height": 54,
            "padding": 12,
            "width": "100%",
          }
        }
        testID="username"
        value="testUsername"
      />
      <View
        style={
          {
            "marginTop": 4,
          }
        }
      >
        <Text
          color="#797979"
          style={
            [
              {
                "color": "#797979",
              },
              {
                "fontSize": 12,
                "fontWeight": "400",
              },
            ]
          }
        >
          validations.usernameHelperUAE
        </Text>
      </View>
    </View>
    <View
      style={
        {
          "marginVertical": 12,
        }
      }
    >
      <TextInput
        keyboardType="default"
        maxLength={16}
        onChangeText={[Function]}
        placeholder="password"
        placeholderTextColor="#3d3d3d"
        secureTextEntry={true}
        style={
          {
            "alignItems": "center",
            "borderColor": "#3d3d3d",
            "borderRadius": 8,
            "borderWidth": 1,
            "height": 54,
            "padding": 12,
            "width": "100%",
          }
        }
        testID="password"
        value="testUser@123"
      />
    </View>
    <View
      style={
        {
          "marginVertical": 12,
        }
      }
    >
      <TextInput
        keyboardType="default"
        maxLength={16}
        onChangeText={[Function]}
        placeholder="firstName"
        placeholderTextColor="#3d3d3d"
        style={
          {
            "alignItems": "center",
            "borderColor": "#3d3d3d",
            "borderRadius": 8,
            "borderWidth": 1,
            "height": 54,
            "padding": 12,
            "width": "100%",
          }
        }
        testID="firstName"
        value="Naved"
      />
    </View>
    <View
      style={
        {
          "marginVertical": 12,
        }
      }
    >
      <TextInput
        keyboardType="default"
        maxLength={16}
        onChangeText={[Function]}
        placeholder="lastName"
        placeholderTextColor="#3d3d3d"
        style={
          {
            "alignItems": "center",
            "borderColor": "#3d3d3d",
            "borderRadius": 8,
            "borderWidth": 1,
            "height": 54,
            "padding": 12,
            "width": "100%",
          }
        }
        testID="lastName"
        value="khan"
      />
    </View>
  </View>
  <View>
    <View
      accessibilityState={
        {
          "busy": undefined,
          "checked": undefined,
          "disabled": false,
          "expanded": undefined,
          "selected": undefined,
        }
      }
      accessibilityValue={
        {
          "max": undefined,
          "min": undefined,
          "now": undefined,
          "text": undefined,
        }
      }
      accessible={true}
      collapsable={false}
      focusable={true}
      onClick={[Function]}
      onResponderGrant={[Function]}
      onResponderMove={[Function]}
      onResponderRelease={[Function]}
      onResponderTerminate={[Function]}
      onResponderTerminationRequest={[Function]}
      onStartShouldSetResponder={[Function]}
      style={
        {
          "alignItems": "center",
          "backgroundColor": "#FF9800",
          "borderBottomLeftRadius": 8,
          "borderBottomRightRadius": 8,
          "borderTopLeftRadius": 8,
          "borderTopRightRadius": 8,
          "flexDirection": "row",
          "height": 54,
          "justifyContent": "center",
          "marginVertical": 8,
          "opacity": 1,
          "paddingBottom": 12,
          "paddingLeft": 12,
          "paddingRight": 12,
          "paddingTop": 12,
        }
      }
      testID="registerButton"
    >
      <Text
        color="#ffffff"
        style={
          [
            {
              "color": "#ffffff",
            },
            {
              "fontSize": 16,
              "fontWeight": "bold",
            },
          ]
        }
      >
        register
      </Text>
    </View>
  </View>
</View>
`;
