// Jest Snapshot v1, https://goo.gl/fbAQLP

exports[`test dashboard 1`] = `
<View
  style={
    {
      "flex": 1,
      "padding": 22,
    }
  }
>
  <View
    style={
      {
        "flex": 1,
      }
    }
  >
    <View
      accessibilityState={
        {
          "busy": undefined,
          "checked": undefined,
          "disabled": undefined,
          "expanded": undefined,
          "selected": undefined,
        }
      }
      accessibilityValue={
        {
          "max": undefined,
          "min": undefined,
          "now": undefined,
          "text": undefined,
        }
      }
      accessible={true}
      collapsable={false}
      focusable={false}
      onClick={[Function]}
      onResponderGrant={[Function]}
      onResponderMove={[Function]}
      onResponderRelease={[Function]}
      onResponderTerminate={[Function]}
      onResponderTerminationRequest={[Function]}
      onStartShouldSetResponder={[Function]}
      style={
        {
          "alignItems": "center",
          "flexDirection": "row",
          "opacity": 1,
        }
      }
    >
      <
        color="#FF9800"
        icon={
          {
            "icon": [
              512,
              512,
              [
                62142,
                "user-circle",
              ],
              "f2bd",
              "M399 384.2C376.9 345.8 335.4 320 288 320H224c-47.4 0-88.9 25.8-111 64.2c35.2 39.2 86.2 63.8 143 63.8s107.8-24.7 143-63.8zM0 256a256 256 0 1 1 512 0A256 256 0 1 1 0 256zm256 16a72 72 0 1 0 0-144 72 72 0 1 0 0 144z",
            ],
            "iconName": "circle-user",
            "prefix": "fas",
          }
        }
        size={72}
      />
      <View
        style={
          {
            "marginLeft": 6,
          }
        }
      >
        <Text
          color="#3d3d3d"
          style={
            [
              {
                "color": "#3d3d3d",
              },
              {
                "fontSize": 18,
                "fontWeight": "600",
              },
            ]
          }
        >
          welcome null!
        </Text>
        <View
          style={
            {
              "marginTop": 8,
            }
          }
        >
          <Text
            color="#3d3d3d"
            style={
              [
                {
                  "color": "#3d3d3d",
                },
                {
                  "fontSize": 14,
                  "fontWeight": "400",
                },
              ]
            }
          >
            Naved Khan
          </Text>
          <Text
            color="#FF9800"
            style={
              [
                {
                  "color": "#FF9800",
                },
                {
                  "fontSize": 12,
                  "fontWeight": "bold",
                },
              ]
            }
          >
            Saudia
          </Text>
        </View>
      </View>
    </View>
  </View>
  <View>
    <View
      accessibilityState={
        {
          "busy": undefined,
          "checked": undefined,
          "disabled": undefined,
          "expanded": undefined,
          "selected": undefined,
        }
      }
      accessibilityValue={
        {
          "max": undefined,
          "min": undefined,
          "now": undefined,
          "text": undefined,
        }
      }
      accessible={true}
      collapsable={false}
      focusable={true}
      onClick={[Function]}
      onResponderGrant={[Function]}
      onResponderMove={[Function]}
      onResponderRelease={[Function]}
      onResponderTerminate={[Function]}
      onResponderTerminationRequest={[Function]}
      onStartShouldSetResponder={[Function]}
      style={
        {
          "alignItems": "center",
          "backgroundColor": "#FF9800",
          "borderBottomLeftRadius": 8,
          "borderBottomRightRadius": 8,
          "borderTopLeftRadius": 8,
          "borderTopRightRadius": 8,
          "flexDirection": "row",
          "height": 54,
          "justifyContent": "center",
          "marginVertical": 8,
          "opacity": 1,
          "paddingBottom": 12,
          "paddingLeft": 12,
          "paddingRight": 12,
          "paddingTop": 12,
        }
      }
      testID="logOut"
    >
      <Text
        color="#ffffff"
        style={
          [
            {
              "color": "#ffffff",
            },
            {
              "fontSize": 16,
              "fontWeight": "bold",
            },
          ]
        }
      >
        logOut
      </Text>
    </View>
  </View>
</View>
`;
